// Jest Snapshot v1, https://goo.gl/fbAQLP

exports[`SchemeSwitcher component default 1`] = `
<div
  class="scheme-switcher"
>
  <div
    class="scheme-switcher__icon-wrapper"
    data-test-id="darkThemeSwitcher"
  >
    <div
      class="scheme-switcher__icon"
    >
      <img
        alt="Dark mode."
        data-test-id="moonImage"
        src="~/assets/common/moon.svg"
      />
    </div>
  </div>
   
  <div
    class="scheme-switcher__icon-wrapper"
    data-test-id="lightThemeSwitcher"
  >
    <div
      class="scheme-switcher__icon"
    >
      <div
        class="scheme-switcher__icon-sun-badge"
        is-dot=""
      >
        <img
          alt="Light mode."
          src="~/assets/common/sun.svg"
        />
      </div>
    </div>
  </div>
</div>
`;
