// Jest Snapshot v1, https://goo.gl/fbAQLP

exports[`TheApplication component default 1`] = `
<div
  class="the-application light start"
>
  <application-header-stub
    data-test-id="application-header"
  />
   
  <div
    class="the-application__component"
    style="margin-top: 220px;"
  >
    <the-welcome-stub
      available-steps="0"
      current-step="0"
      data-test-id="dynamic-component"
      filing-of-additional-files="0"
      filing-of-additional-info="0"
      filing-of-personal-info="0"
    />
  </div>
   
  <scheme-switcher-stub />
</div>
`;
