// Jest Snapshot v1, https://goo.gl/fbAQLP

exports[`ApplicationStepSelector component default 1`] = `
<div
  class="application-step-selector"
>
  <div
    class="application-step-selector__header"
  >
    <div
      class="application-step-selector__title"
    >
      
            Applications Steps
        
    </div>
     
    <div
      class="application-step-selector__subtitle"
    >
      
            Select the step you wish to complete.
        
    </div>
  </div>
   
  <div
    class="application-step-selector__steps"
  >
    <application-step-info-stub
      class="application-step-selector__step"
      data="[object Object]"
    />
     
    <application-step-info-stub
      class="application-step-selector__step"
      data="[object Object]"
    />
     
    <application-step-info-stub
      class="application-step-selector__step"
      data="[object Object]"
    />
  </div>
   
  <!---->
</div>
`;
