// Jest Snapshot v1, https://goo.gl/fbAQLP

exports[`FormHolderHeader component default 1`] = `
<div
  class="form-holder-header"
>
  <application-step-stub
    class="form-holder-header__application-step"
    progress="0"
    selected="true"
    step="0"
    title="STEP 1"
  />
   
  <application-step-stub
    class="form-holder-header__application-step"
    progress="0"
    step="1"
    title="STEP 2"
  />
   
  <application-step-stub
    class="form-holder-header__application-step"
    progress="0"
    step="2"
    title="STEP 3"
  />
</div>
`;
