// Jest Snapshot v1, https://goo.gl/fbAQLP

exports[`TheSuccess component default 1`] = `
<div
  class="the-success"
>
  <div
    class="the-success__title"
  >
    Success!
  </div>
   
  <div
    class="the-success__subtitle"
  >
    Thank You
  </div>
   
  <div
    class="the-success__message"
  >
    Our team will respond to you within the next 48h
  </div>
   
  <div
    class="the-success__actions"
  >
    <div
      text="HOME"
      width="115"
    />
  </div>
</div>
`;
